------- FILE playfield_5.asm LEVEL 1 PASS 3
      1  10000 ????						; S01E02 Generating a stable screen
      2  10000 ????
      3  10000 ????						; This example creates the proper VSYNC, and number of scanlines to generate a stable frame on NTSC
      4  10000 ????						; televisions.
      5  10000 ????
      6  10000 ????						; This Episode on Youtube - https://youtu.be/WcRtIpvjKNI
      7  10000 ????
      8  10000 ????						; Become a Patron - https://patreon.com/8blit
      9  10000 ????						; 8blit Merch - https://8blit.myspreadshop.com/
     10  10000 ????						; Subscribe to 8Blit - https://www.youtube.com/8blit?sub_confirmation=1
     11  10000 ????						; Follow on Facebook - https://www.facebook.com/8Blit
     12  10000 ????						; Follow on Instagram - https://www.instagram.com/8blit
     13  10000 ????						; Visit the Website - https://www.8blit.com
     14  10000 ????
     15  10000 ????						; Email - 8blit0@gmail.com
     16  10000 ????
     17  10000 ????				       processor	6502
------- FILE vcs.h LEVEL 2 PASS 3
      0  10000 ????				       include	"vcs.h"
      1  10000 ????						; VCS.H
      2  10000 ????						; Version 1.05, 13/November/2003
      3  10000 ????
      4  10000 ????		00 69	    VERSION_VCS =	105
      5  10000 ????
      6  10000 ????						; THIS IS A PRELIMINARY RELEASE OF *THE* "STANDARD" VCS.H
      7  10000 ????						; THIS FILE IS EXPLICITLY SUPPORTED AS A DASM-PREFERRED COMPANION FILE
      8  10000 ????						; PLEASE DO *NOT* REDISTRIBUTE THIS FILE!
      9  10000 ????						;
     10  10000 ????						; This file defines hardware registers and memory mapping for the
     11  10000 ????						; Atari 2600. It is distributed as a companion machine-specific support package
     12  10000 ????						; for the DASM compiler. Updates to this file, DASM, and associated tools are
     13  10000 ????						; available at at http://www.atari2600.org/dasm
     14  10000 ????						;
     15  10000 ????						; Many thanks to the original author(s) of this file, and to everyone who has
     16  10000 ????						; contributed to understanding the Atari 2600.  If you take issue with the
     17  10000 ????						; contents, or naming of registers, please write to me (atari2600@taswegian.com)
     18  10000 ????						; with your views.  Please contribute, if you think you can improve this
     19  10000 ????						; file!
     20  10000 ????						;
     21  10000 ????						; Latest Revisions...
     22  10000 ????						; 1.05  13/NOV/2003	  - Correction to 1.04 - now functions as requested by MR.
     23  10000 ????						;			  - Added VERSION_VCS equate (which will reflect 100x version #)
     24  10000 ????						;			    This will allow conditional code to verify VCS.H being
     25  10000 ????						;			    used for code assembly.
     26  10000 ????						; 1.04  12/NOV/2003	 Added TIA_BASE_WRITE_ADDRESS and TIA_BASE_READ_ADDRESS for
     27  10000 ????						;			 convenient disassembly/reassembly compatibility for hardware
     28  10000 ????						;			 mirrored reading/writing differences.	This is more a
     29  10000 ????						;			 readability issue, and binary compatibility with disassembled
     30  10000 ????						;			 and reassembled sources.  Per Manuel Rotschkar's suggestion.
     31  10000 ????						; 1.03  12/MAY/2003	 Added SEG segment at end of file to fix old-code compatibility
     32  10000 ????						;			 which was broken by the use of segments in this file, as
     33  10000 ????						;			 reported by Manuel Polik on [stella] 11/MAY/2003
     34  10000 ????						; 1.02  22/MAR/2003	 Added TIMINT($285)
     35  10000 ????						; 1.01				Constant offset added to allow use for 3F-style bankswitching
     36  10000 ????						;						 - define TIA_BASE_ADDRESS as $40 for Tigervision carts, otherwise
     37  10000 ????						;						   it is safe to leave it undefined, and the base address will
     38  10000 ????						;						   be set to 0.  Thanks to Eckhard Stolberg for the suggestion.
     39  10000 ????						;			    Note, may use -DLABEL=EXPRESSION to define TIA_BASE_ADDRESS
     40  10000 ????						;			  - register definitions are now generated through assignment
     41  10000 ????						;			    in uninitialised segments.	This allows a changeable base
     42  10000 ????						;			    address architecture.
     43  10000 ????						; 1.0	22/MAR/2003		Initial release
     44  10000 ????
     45  10000 ????
     46  10000 ????						;-------------------------------------------------------------------------------
     47  10000 ????
     48  10000 ????						; TIA_BASE_ADDRESS
     49  10000 ????						; The TIA_BASE_ADDRESS defines the base address of access to TIA registers.
     50  10000 ????						; Normally 0, the base address should (externally, before including this file)
     51  10000 ????						; be set to $40 when creating 3F-bankswitched (and other?) cartridges.
     52  10000 ????						; The reason is that this bankswitching scheme treats any access to locations
     53  10000 ????						; < $40 as a bankswitch.
     54  10000 ????
     55  10000 ????			   -	       IFNCONST	TIA_BASE_ADDRESS
     56  10000 ????			   -TIA_BASE_ADDRESS =	0
     57  10000 ????				       ENDIF
     58  10000 ????
     59  10000 ????						; Note: The address may be defined on the command-line using the -D switch, eg:
     60  10000 ????						; dasm.exe code.asm -DTIA_BASE_ADDRESS=$40 -f3 -v5 -ocode.bin
     61  10000 ????						; *OR* by declaring the label before including this file, eg:
     62  10000 ????						; TIA_BASE_ADDRESS = $40
     63  10000 ????						;   include "vcs.h"
     64  10000 ????
     65  10000 ????						; Alternate read/write address capability - allows for some disassembly compatibility
     66  10000 ????						; usage ; to allow reassembly to binary perfect copies).  This is essentially catering
     67  10000 ????						; for the mirrored ROM hardware registers.
     68  10000 ????
     69  10000 ????						; Usage: As per above, define the TIA_BASE_READ_ADDRESS and/or TIA_BASE_WRITE_ADDRESS
     70  10000 ????						; using the -D command-line switch, as required.  If the addresses are not defined,
     71  10000 ????						; they defaut to the TIA_BASE_ADDRESS.
     72  10000 ????
     73  10000 ????			   -	       IFNCONST	TIA_BASE_READ_ADDRESS
     74  10000 ????			   -TIA_BASE_READ_ADDRESS =	TIA_BASE_ADDRESS
     75  10000 ????				       ENDIF
     76  10000 ????
     77  10000 ????			   -	       IFNCONST	TIA_BASE_WRITE_ADDRESS
     78  10000 ????			   -TIA_BASE_WRITE_ADDRESS =	TIA_BASE_ADDRESS
     79  10000 ????				       ENDIF
     80  10000 ????
     81  10000 ????						;-------------------------------------------------------------------------------
     82  10000 ????
     83 U002d ????				      SEG.U	TIA_REGISTERS_WRITE
     84 U0000					      ORG	TIA_BASE_WRITE_ADDRESS
     85 U0000
     86 U0000							; DO NOT CHANGE THE RELATIVE ORDERING OF REGISTERS!
     87 U0000
     88 U0000		       00	   VSYNC      ds	1	; $00	 0000 00x0   Vertical Sync Set-Clear
     89 U0001		       00	   VBLANK     ds	1	; $01	 xx00 00x0   Vertical Blank Set-Clear
     90 U0002		       00	   WSYNC      ds	1	; $02	 ---- ----   Wait for Horizontal Blank
     91 U0003		       00	   RSYNC      ds	1	; $03	 ---- ----   Reset Horizontal Sync Counter
     92 U0004		       00	   NUSIZ0     ds	1	; $04	 00xx 0xxx   Number-Size player/missle 0
     93 U0005		       00	   NUSIZ1     ds	1	; $05	 00xx 0xxx   Number-Size player/missle 1
     94 U0006		       00	   COLUP0     ds	1	; $06	 xxxx xxx0   Color-Luminance Player 0
     95 U0007		       00	   COLUP1     ds	1	; $07	 xxxx xxx0   Color-Luminance Player 1
     96 U0008		       00	   COLUPF     ds	1	; $08	 xxxx xxx0   Color-Luminance Playfield
     97 U0009		       00	   COLUBK     ds	1	; $09	 xxxx xxx0   Color-Luminance Background
     98 U000a		       00	   CTRLPF     ds	1	; $0A	 00xx 0xxx   Control Playfield, Ball, Collisions
     99 U000b		       00	   REFP0      ds	1	; $0B	 0000 x000   Reflection Player 0
    100 U000c		       00	   REFP1      ds	1	; $0C	 0000 x000   Reflection Player 1
    101 U000d		       00	   PF0	      ds	1	; $0D	 xxxx 0000   Playfield Register Byte 0
    102 U000e		       00	   PF1	      ds	1	; $0E	 xxxx xxxx   Playfield Register Byte 1
    103 U000f		       00	   PF2	      ds	1	; $0F	 xxxx xxxx   Playfield Register Byte 2
    104 U0010		       00	   RESP0      ds	1	; $10	 ---- ----   Reset Player 0
    105 U0011		       00	   RESP1      ds	1	; $11	 ---- ----   Reset Player 1
    106 U0012		       00	   RESM0      ds	1	; $12	 ---- ----   Reset Missle 0
    107 U0013		       00	   RESM1      ds	1	; $13	 ---- ----   Reset Missle 1
    108 U0014		       00	   RESBL      ds	1	; $14	 ---- ----   Reset Ball
    109 U0015		       00	   AUDC0      ds	1	; $15	 0000 xxxx   Audio Control 0
    110 U0016		       00	   AUDC1      ds	1	; $16	 0000 xxxx   Audio Control 1
    111 U0017		       00	   AUDF0      ds	1	; $17	 000x xxxx   Audio Frequency 0
    112 U0018		       00	   AUDF1      ds	1	; $18	 000x xxxx   Audio Frequency 1
    113 U0019		       00	   AUDV0      ds	1	; $19	 0000 xxxx   Audio Volume 0
    114 U001a		       00	   AUDV1      ds	1	; $1A	 0000 xxxx   Audio Volume 1
    115 U001b		       00	   GRP0       ds	1	; $1B	 xxxx xxxx   Graphics Register Player 0
    116 U001c		       00	   GRP1       ds	1	; $1C	 xxxx xxxx   Graphics Register Player 1
    117 U001d		       00	   ENAM0      ds	1	; $1D	 0000 00x0   Graphics Enable Missle 0
    118 U001e		       00	   ENAM1      ds	1	; $1E	 0000 00x0   Graphics Enable Missle 1
    119 U001f		       00	   ENABL      ds	1	; $1F	 0000 00x0   Graphics Enable Ball
    120 U0020		       00	   HMP0       ds	1	; $20	 xxxx 0000   Horizontal Motion Player 0
    121 U0021		       00	   HMP1       ds	1	; $21	 xxxx 0000   Horizontal Motion Player 1
    122 U0022		       00	   HMM0       ds	1	; $22	 xxxx 0000   Horizontal Motion Missle 0
    123 U0023		       00	   HMM1       ds	1	; $23	 xxxx 0000   Horizontal Motion Missle 1
    124 U0024		       00	   HMBL       ds	1	; $24	 xxxx 0000   Horizontal Motion Ball
    125 U0025		       00	   VDELP0     ds	1	; $25	 0000 000x   Vertical Delay Player 0
    126 U0026		       00	   VDELP1     ds	1	; $26	 0000 000x   Vertical Delay Player 1
    127 U0027		       00	   VDELBL     ds	1	; $27	 0000 000x   Vertical Delay Ball
    128 U0028		       00	   RESMP0     ds	1	; $28	 0000 00x0   Reset Missle 0 to Player 0
    129 U0029		       00	   RESMP1     ds	1	; $29	 0000 00x0   Reset Missle 1 to Player 1
    130 U002a		       00	   HMOVE      ds	1	; $2A	 ---- ----   Apply Horizontal Motion
    131 U002b		       00	   HMCLR      ds	1	; $2B	 ---- ----   Clear Horizontal Move Registers
    132 U002c		       00	   CXCLR      ds	1	; $2C	 ---- ----   Clear Collision Latches
    133 U002d
    134 U002d							;-------------------------------------------------------------------------------
    135 U002d
    136 U000e ????				      SEG.U	TIA_REGISTERS_READ
    137 U0000					      ORG	TIA_BASE_READ_ADDRESS
    138 U0000
    139 U0000							;											bit 7	 bit 6
    140 U0000		       00	   CXM0P      ds	1	; $00	     xx00 0000	     Read Collision  M0-P1   M0-P0
    141 U0001		       00	   CXM1P      ds	1	; $01	     xx00 0000			     M1-P0   M1-P1
    142 U0002		       00	   CXP0FB     ds	1	; $02	     xx00 0000			     P0-PF   P0-BL
    143 U0003		       00	   CXP1FB     ds	1	; $03	     xx00 0000			     P1-PF   P1-BL
    144 U0004		       00	   CXM0FB     ds	1	; $04	     xx00 0000			     M0-PF   M0-BL
    145 U0005		       00	   CXM1FB     ds	1	; $05	     xx00 0000			     M1-PF   M1-BL
    146 U0006		       00	   CXBLPF     ds	1	; $06	     x000 0000			     BL-PF   -----
    147 U0007		       00	   CXPPMM     ds	1	; $07	     xx00 0000			     P0-P1   M0-M1
    148 U0008		       00	   INPT0      ds	1	; $08	     x000 0000	     Read Pot Port 0
    149 U0009		       00	   INPT1      ds	1	; $09	     x000 0000	     Read Pot Port 1
    150 U000a		       00	   INPT2      ds	1	; $0A	     x000 0000	     Read Pot Port 2
    151 U000b		       00	   INPT3      ds	1	; $0B	     x000 0000	     Read Pot Port 3
    152 U000c		       00	   INPT4      ds	1	; $0C		x000 0000	 Read Input (Trigger) 0
    153 U000d		       00	   INPT5      ds	1	; $0D		x000 0000	 Read Input (Trigger) 1
    154 U000e
    155 U000e							;-------------------------------------------------------------------------------
    156 U000e
    157 U0298 ????				      SEG.U	RIOT
    158 U0280					      ORG	$280
    159 U0280
    160 U0280							; RIOT MEMORY MAP
    161 U0280
    162 U0280		       00	   SWCHA      ds	1	; $280      Port A data register for joysticks:
    163 U0281							;			Bits 4-7 for player 1.  Bits 0-3 for player 2.
    164 U0281
    165 U0281		       00	   SWACNT     ds	1	; $281      Port A data direction register (DDR)
    166 U0282		       00	   SWCHB      ds	1	; $282		Port B data (console switches)
    167 U0283		       00	   SWBCNT     ds	1	; $283      Port B DDR
    168 U0284		       00	   INTIM      ds	1	; $284		Timer output
    169 U0285
    170 U0285		       00	   TIMINT     ds	1	; $285
    171 U0286
    172 U0286							; Unused/undefined registers ($285-$294)
    173 U0286
    174 U0286		       00		      ds	1	; $286
    175 U0287		       00		      ds	1	; $287
    176 U0288		       00		      ds	1	; $288
    177 U0289		       00		      ds	1	; $289
    178 U028a		       00		      ds	1	; $28A
    179 U028b		       00		      ds	1	; $28B
    180 U028c		       00		      ds	1	; $28C
    181 U028d		       00		      ds	1	; $28D
    182 U028e		       00		      ds	1	; $28E
    183 U028f		       00		      ds	1	; $28F
    184 U0290		       00		      ds	1	; $290
    185 U0291		       00		      ds	1	; $291
    186 U0292		       00		      ds	1	; $292
    187 U0293		       00		      ds	1	; $293
    188 U0294
    189 U0294		       00	   TIM1T      ds	1	; $294		set 1 clock interval
    190 U0295		       00	   TIM8T      ds	1	; $295      set 8 clock interval
    191 U0296		       00	   TIM64T     ds	1	; $296      set 64 clock interval
    192 U0297		       00	   T1024T     ds	1	; $297      set 1024 clock interval
    193 U0298
    194 U0298							;-------------------------------------------------------------------------------
    195 U0298							; The following required for back-compatibility with code which does not use
    196 U0298							; segments.
    197 U0298
    198  0000 ????				      SEG
    199  0000 ????
    200  0000 ????						; EOF
------- FILE playfield_5.asm
------- FILE macro.h LEVEL 2 PASS 3
      0  0000 ????				      include	"macro.h"
      1  0000 ????						; MACRO.H
      2  0000 ????						; Version 1.06, 3/SEPTEMBER/2004
      3  0000 ????
      4  0000 ????	       00 6a	   VERSION_MACRO =	106
      5  0000 ????
      6  0000 ????						;
      7  0000 ????						; THIS FILE IS EXPLICITLY SUPPORTED AS A DASM-PREFERRED COMPANION FILE
      8  0000 ????						; PLEASE DO *NOT* REDISTRIBUTE MODIFIED VERSIONS OF THIS FILE!
      9  0000 ????						;
     10  0000 ????						; This file defines DASM macros useful for development for the Atari 2600.
     11  0000 ????						; It is distributed as a companion machine-specific support package
     12  0000 ????						; for the DASM compiler. Updates to this file, DASM, and associated tools are
     13  0000 ????						; available at at http://www.atari2600.org/dasm
     14  0000 ????						;
     15  0000 ????						; Many thanks to the people who have contributed.  If you take issue with the
     16  0000 ????						; contents, or would like to add something, please write to me
     17  0000 ????						; (atari2600@taswegian.com) with your contribution.
     18  0000 ????						;
     19  0000 ????						; Latest Revisions...
     20  0000 ????						;
     21  0000 ????						; 1.06  03/SEP/2004	 - nice revision of VERTICAL_BLANK (Edwin Blink)
     22  0000 ????						; 1.05  14/NOV/2003	 - Added VERSION_MACRO equate (which will reflect 100x version #)
     23  0000 ????						;			   This will allow conditional code to verify MACRO.H being
     24  0000 ????						;			   used for code assembly.
     25  0000 ????						; 1.04  13/NOV/2003	 - SET_POINTER macro added (16-bit address load)
     26  0000 ????						;
     27  0000 ????						; 1.03  23/JUN/2003	 - CLEAN_START macro added - clears TIA, RAM, registers
     28  0000 ????						;
     29  0000 ????						; 1.02  14/JUN/2003	 - VERTICAL_SYNC macro added
     30  0000 ????						;			   (standardised macro for vertical synch code)
     31  0000 ????						; 1.01  22/MAR/2003	 - SLEEP macro added.
     32  0000 ????						;			 - NO_ILLEGAL_OPCODES switch implemented
     33  0000 ????						; 1.0	22/MAR/2003		Initial release
     34  0000 ????
     35  0000 ????						; Note: These macros use illegal opcodes.  To disable illegal opcode usage,
     36  0000 ????						;   define the symbol NO_ILLEGAL_OPCODES (-DNO_ILLEGAL_OPCODES=1 on command-line).
     37  0000 ????						;   If you do not allow illegal opcode usage, you must include this file
     38  0000 ????						;   *after* including VCS.H (as the non-illegal opcodes access hardware
     39  0000 ????						;   registers and require them to be defined first).
     40  0000 ????
     41  0000 ????						; Available macros...
     42  0000 ????						;   SLEEP n		 - sleep for n cycles
     43  0000 ????						;   VERTICAL_SYNC	 - correct 3 scanline vertical synch code
     44  0000 ????						;   CLEAN_START	 - set machine to known state on startup
     45  0000 ????						;   SET_POINTER	 - load a 16-bit absolute to a 16-bit variable
     46  0000 ????
     47  0000 ????						;-------------------------------------------------------------------------------
     48  0000 ????						; SLEEP duration
     49  0000 ????						; Original author: Thomas Jentzsch
     50  0000 ????						; Inserts code which takes the specified number of cycles to execute.	This is
     51  0000 ????						; useful for code where precise timing is required.
     52  0000 ????						; ILLEGAL-OPCODE VERSION DOES NOT AFFECT FLAGS OR REGISTERS.
     53  0000 ????						; LEGAL OPCODE VERSION MAY AFFECT FLAGS
     54  0000 ????						; Uses illegal opcode (DASM 2.20.01 onwards).
     55  0000 ????
     56  0000 ????				      MAC	sleep
     57  0000 ????			   .CYCLES    SET	{1}
     58  0000 ????
     59  0000 ????				      IF	.CYCLES < 2
     60  0000 ????				      ECHO	"MACRO ERROR: 'SLEEP': Duration must be > 1"
     61  0000 ????				      ERR
     62  0000 ????				      ENDIF
     63  0000 ????
     64  0000 ????				      IF	.CYCLES & 1
     65  0000 ????				      IFNCONST	NO_ILLEGAL_OPCODES
     66  0000 ????				      nop	0
     67  0000 ????				      ELSE
     68  0000 ????				      bit	VSYNC
     69  0000 ????				      ENDIF
     70  0000 ????			   .CYCLES    SET	.CYCLES - 3
     71  0000 ????				      ENDIF
     72  0000 ????
     73  0000 ????				      REPEAT	.CYCLES / 2
     74  0000 ????				      nop
     75  0000 ????				      REPEND
     76  0000 ????				      ENDM		;usage: SLEEP n (n>1)
     77  0000 ????
     78  0000 ????						;-------------------------------------------------------------------------------
     79  0000 ????						; VERTICAL_SYNC
     80  0000 ????						; revised version by Edwin Blink -- saves bytes!
     81  0000 ????						; Inserts the code required for a proper 3 scanline vertical sync sequence
     82  0000 ????						; Note: Alters the accumulator
     83  0000 ????
     84  0000 ????						; OUT: A = 0
     85  0000 ????
     86  0000 ????				      MAC	vertical_sync
     87  0000 ????				      lda	#%1110	; each '1' bits generate a VSYNC ON line (bits 1..3)
     88  0000 ????			   .VSLP1     sta	WSYNC	; 1st '0' bit resets Vsync, 2nd '0' bit exit loop
     89  0000 ????				      sta	VSYNC
     90  0000 ????				      lsr
     91  0000 ????				      bne	.VSLP1	; branch until VYSNC has been reset
     92  0000 ????				      ENDM
     93  0000 ????
     94  0000 ????						;-------------------------------------------------------------------------------
     95  0000 ????						; CLEAN_START
     96  0000 ????						; Original author: Andrew Davie
     97  0000 ????						; Standardised start-up code, clears stack, all TIA registers and RAM to 0
     98  0000 ????						; Sets stack pointer to $FF, and all registers to 0
     99  0000 ????						; Sets decimal mode off, sets interrupt flag (kind of un-necessary)
    100  0000 ????						; Use as very first section of code on boot (ie: at reset)
    101  0000 ????						; Code written to minimise total ROM usage - uses weird 6502 knowledge :)
    102  0000 ????
    103  0000 ????				      MAC	clean_start
    104  0000 ????				      sei
    105  0000 ????				      cld
    106  0000 ????
    107  0000 ????				      ldx	#0
    108  0000 ????				      txa
    109  0000 ????				      tay
    110  0000 ????			   .CLEAR_STACK dex
    111  0000 ????				      txs
    112  0000 ????				      pha
    113  0000 ????				      bne	.CLEAR_STACK	; SP=$FF, X = A = Y = 0
    114  0000 ????
    115  0000 ????				      ENDM
    116  0000 ????
    117  0000 ????						;-------------------------------------------------------
    118  0000 ????						; SET_POINTER
    119  0000 ????						; Original author: Manuel Rotschkar
    120  0000 ????						;
    121  0000 ????						; Sets a 2 byte RAM pointer to an absolute address.
    122  0000 ????						;
    123  0000 ????						; Usage: SET_POINTER pointer, address
    124  0000 ????						; Example: SET_POINTER SpritePTR, SpriteData
    125  0000 ????						;
    126  0000 ????						; Note: Alters the accumulator, NZ flags
    127  0000 ????						; IN 1: 2 byte RAM location reserved for pointer
    128  0000 ????						; IN 2: absolute address
    129  0000 ????
    130  0000 ????				      MAC	set_pointer
    131  0000 ????			   .POINTER   SET	{1}
    132  0000 ????			   .ADDRESS   SET	{2}
    133  0000 ????
    134  0000 ????				      LDA	#<.ADDRESS	; Get Lowbyte of Address
    135  0000 ????				      STA	.POINTER	; Store in pointer
    136  0000 ????				      LDA	#>.ADDRESS	; Get Hibyte of Address
    137  0000 ????				      STA	.POINTER+1	; Store in pointer+1
    138  0000 ????
    139  0000 ????				      ENDM
    140  0000 ????
    141  0000 ????						;-------------------------------------------------------
    142  0000 ????						; BOUNDARY byte#
    143  0000 ????						; Original author: Denis Debro (borrowed from Bob Smith / Thomas)
    144  0000 ????						;
    145  0000 ????						; Push data to a certain position inside a page and keep count of how
    146  0000 ????						; many free bytes the programmer will have.
    147  0000 ????						;
    148  0000 ????						; eg: BOUNDARY 5    ; position at byte #5 in page
    149  0000 ????
    150  0000 ????			   .FREE_BYTES SET	0
    151  0000 ????				      MAC	boundary
    152  0000 ????				      REPEAT	256
    153  0000 ????				      IF	<. % {1} = 0
    154  0000 ????				      MEXIT
    155  0000 ????				      ELSE
    156  0000 ????			   .FREE_BYTES SET	.FREE_BYTES + 1
    157  0000 ????				      .byte	$00
    158  0000 ????				      ENDIF
    159  0000 ????				      REPEND
    160  0000 ????				      ENDM
    161  0000 ????
    162  0000 ????
    163  0000 ????						;-------------------------------------------------------------------------------
    164  0000 ????						; shortcut
    165  0000 ????
    166  0000 ????				      MAC	_nextline
    167  0000 ????				      dec	scanline
    168  0000 ????				      sta	WSYNC
    169  0000 ????				      ENDM
    170  0000 ????
    171  0000 ????				      MAC	_get_color
    172  0000 ????
    173  0000 ????				      lda	{1}
    174  0000 ????				      adc	{2}
    175  0000 ????				      and	#$0F	; limit the value to 0-15
    176  0000 ????				      tax
    177  0000 ????				      lda	{3},x
    178  0000 ????				      ENDM
    179  0000 ????
    180  0000 ????				      MAC	_get_color_random15
    181  0000 ????						; Galois 8-bit Linear Feedback Shift Registers
    182  0000 ????						; https://samiam.org/blog/20130617.html
    183  0000 ????						; galois_lfsr_random
    184  0000 ????				      lda	r_seed	; keep calling funtion to for better entropy
    185  0000 ????				      lsr		; shift right
    186  0000 ????				      bcc	.noeor0	; if carry 1, then exclusive OR the bits
    187  0000 ????				      eor	#$D4	; d4 tap (11010100)
    188  0000 ????			   .noeor0    sta	r_seed
    189  0000 ????				      and	#$0F	; limit the value to 0-15
    190  0000 ????				      tax
    191  0000 ????				      lda	colors2,x
    192  0000 ????				      ENDM
    193  0000 ????
    194  0000 ????
    195  0000 ????
    196  0000 ????						; ldx channel
    197  0000 ????						; {1}	   = type
    198  0000 ????						; {2}	   = pitch
    199  0000 ????				      MAC	_snd_play
    200  0000 ????						; lda sndbank_type,y
    201  0000 ????				      ldx	#0
    202  0000 ????				      lda	{1}
    203  0000 ????				      sta	AUDC0,x	; audio control
    204  0000 ????				      lda	#3
    205  0000 ????				      sta	AUDV0,x	; audio volume (0 a 15)
    206  0000 ????
    207  0000 ????				      lda	{2}
    208  0000 ????				      sta	AUDF0,x	; audio frequence (0 a 31 - divisiones del clock)
    209  0000 ????
    210  0000 ????				      lda	#20
    211  0000 ????				      sta	snd_on,x	; len of audio in frames (>0 = sound on)
    212  0000 ????				      ENDM
    213  0000 ????
    214  0000 ????						; EOF
------- FILE playfield_5.asm
     20  0000 ????
     21  0000 ????	       00 9a	   BLUE       =	$9a	;		define symbol for TIA color (NTSC)
     22  0000 ????	       00 3c	   changeColorSpeed =	60	; frames to change color
     23  0000 ????	       00 0c	   lineCountChange =	192/16	; lines to change playfield
     24  0000 ????
     25 U0085 ????				      seg.u	vars	; uninitialized segment
     26 U0080					      org	$80	; origin set at base of ram
     27 U0080
     28 U0080		       00	   r_seed     ds	1	; ball x pos
     29 U0081		       00	   l_seed     ds	1	; ball y pos
     30 U0082		       00	   fcount     ds	1	; frame counter
     31 U0083		       00	   bgcolor    ds	1	; background color
     32 U0084		       00	   lcount     ds	1	; line counter
     33 U0085
     34  10000 ????				       seg	code
     35  f000					      org	$f000
     36  f000
     37  f000				   reset
      0  f000					      CLEAN_START
      1  f000		       78		      sei
      2  f001		       d8		      cld
      3  f002
      4  f002		       a2 00		      ldx	#0
      5  f004		       8a		      txa
      6  f005		       a8		      tay
      7  f006		       ca	   .CLEAR_STACK dex
      8  f007		       9a		      txs
      9  f008		       48		      pha
     10  f009		       d0 fb		      bne	.CLEAR_STACK
     11  f00b
     39  f00b							; generate a random see from the interval timer
     40  f00b		       ad 84 02 	      lda	INTIM	; unknown value to use as an initial random seed
     41  f00e		       85 80		      sta	r_seed	; random seed
     42  f010		       85 81		      sta	l_seed	; random seed
     43  f012
     44  f012				   clear		;		define a label
     45  f012		       a9 9a		      lda	#BLUE	;		load the value from the symbol 'blue' into (a)
     46  f014		       85 09		      sta	COLUBK	;		store (a) into the TIA background color register
     47  f016		       a9 03		      lda	#%00000011	; Set D0 to reflect the playfield, and D1 for Two color
     48  f018		       85 0a		      sta	CTRLPF	; Apply to the CTRLPF register
     49  f01a
     50  f01a		       a9 00		      lda	#PLAYER0COLOR
     51  f01c		       85 06		      sta	COLUP0
     52  f01e		       a9 00		      lda	#PLAYER1COLOR
     53  f020		       85 07		      sta	COLUP1
     54  f022				   startFrame
     55  f022
     56  f022							; start of new frame
     57  f022							; start of vertical blank processing
     58  f022		       a9 00		      lda	#0	;		load the value 0 into (a)
     59  f024		       85 01		      sta	VBLANK	;		store (a) into the TIA VBLANK register
     60  f026		       85 0d		      sta	PF0
     61  f028		       85 0e		      sta	PF1
     62  f02a		       85 0f		      sta	PF2
     63  f02c		       85 09		      sta	COLUBK
     64  f02e
     65  f02e		       a9 02		      lda	#2	;		load the value 2 into (a).
     66  f030		       85 00		      sta	VSYNC	;		store (a) into TIA VSYNC register to turn on vsync
     67  f032
     68  f032		       85 02		      sta	WSYNC	;		write any value to TIA WSYNC register to wait for hsync
     69  f034		       85 02		      sta	WSYNC
     70  f036		       85 02		      sta	WSYNC	;		we need 3 scanlines of VSYNC for a stable frame
     71  f038
     72  f038							;---------------------------------------
     73  f038		       a9 00		      lda	#0
     74  f03a		       85 00		      sta	VSYNC	;		store 0 into TIA VSYNC register to turn off vsync
     75  f03c
     76  f03c							;---------------------------------------
     77  f03c							; generate 37 scanlines of vertical blank
     78  f03c		       a2 00		      ldx	#0
     79  f03e				   verticalBlank
     80  f03e		       85 02		      sta	WSYNC	;		write any value to TIA WSYNC register to wait for hsync
     81  f040		       e8		      inx
     82  f041		       e0 25		      cpx	#37	;		compare the value in (x) to the immeadiate value of 37
     83  f043		       d0 f9		      bne	verticalBlank	;		branch to 'verticalBlank' label if compare not equal
     84  f045							;---------------------------------------
     85  f045
     86  f045		       a5 83		      lda	bgcolor
     87  f047		       85 09		      sta	COLUBK
     88  f049
     89  f049		       a2 00		      ldx	#0	; counter for lines
     90  f04b		       20 8d f0 	      jsr	setPlayfield
     91  f04e
     92  f04e							; lda l_seed
     93  f04e							; sta r_seed
     94  f04e
     95  f04e
     96  f04e		       a5 82		      lda	fcount
     97  f050		       c9 3c		      cmp	#changeColorSpeed
     98  f052		       d0 07		      bne	playfield
     99  f054		       20 9d f0 	      jsr	changeBackground
    100  f057
    101  f057		       a9 00		      lda	#0
    102  f059		       85 84		      sta	lcount
    103  f05b							; sta fcount
    104  f05b
    105  f05b
    106  f05b
    107  f05b				   playfield
    108  f05b
    109  f05b		       85 02		      sta	WSYNC
    110  f05d
    111  f05d		       e6 84		      inc	lcount
    112  f05f		       a5 84		      lda	lcount
    113  f061		       c9 0c		      cmp	#lineCountChange
    114  f063		       d0 07		      bne	noChangeColor
    115  f065
    116  f065		       20 8d f0 	      jsr	setPlayfield
    117  f068		       a9 00		      lda	#0
    118  f06a		       85 84		      sta	lcount
    119  f06c
    120  f06c				   noChangeColor
    121  f06c
    122  f06c		       e8		      inx
    123  f06d		       e0 c0		      cpx	#192	;		compare the value in (x) to the immeadiate value of 192
    124  f06f		       d0 ea		      bne	playfield	;		branch to 'drawField' label if compare not equal
    125  f071
    126  f071							; end of playfield - turn on vertical blank
    127  f071		       a9 42		      lda	#%01000010
    128  f073		       85 01		      sta	VBLANK
    129  f075
    130  f075							; generate 30 scanlines of overscan
    131  f075		       a2 00		      ldx	#0
    132  f077				   overscan
    133  f077		       85 02		      sta	WSYNC
    134  f079							;---------------------------------------
    135  f079		       e8		      inx
    136  f07a		       e0 1e		      cpx	#30	;		compare value in (x) to immeadiate value of 30
    137  f07c		       d0 f9		      bne	overscan	;		branch up to 'overscan' label, compare if not equal
    138  f07e		       e6 82		      inc	fcount
    139  f080		       4c 22 f0 	      jmp	startFrame	;		frame completed, branch up to the 'startFrame' label
    140  f083							;------------------------------------------------
    141  f083
    142  f083
    143  f083							; Galois 8-bit Linear Feedback Shift Registers
    144  f083							; https://samiam.org/blog/20130617.html
    145  f083				   galois_lfsr_random
    146  f083		       a5 80		      lda	r_seed	; keep calling funtion to for better entropy
    147  f085		       4a		      lsr		; shift right
    148  f086		       90 02		      bcc	noeor0	; if carry 1, then exclusive OR the bits
    149  f088		       49 d4		      eor	#$D4	; d4 tap (11010100)
    150  f08a		       85 80	   noeor0     sta	r_seed
    151  f08c		       60		      rts
    152  f08d
    153  f08d				   setPlayfield
    154  f08d		       20 83 f0 	      jsr	galois_lfsr_random
    155  f090		       a5 80		      lda	r_seed
    156  f092		       85 0d		      sta	PF0
    157  f094		       85 0e		      sta	PF1
    158  f096		       85 0f		      sta	PF2
    159  f098
    160  f098		       85 06		      sta	COLUP0
    161  f09a		       85 07		      sta	COLUP1
    162  f09c
    163  f09c		       60		      rts
    164  f09d
    165  f09d				   changeBackground
    166  f09d		       20 83 f0 	      jsr	galois_lfsr_random
    167  f0a0		       a5 80		      lda	r_seed
    168  f0a2		       85 83		      sta	bgcolor
    169  f0a4		       60		      rts
    170  f0a5
    171  f0a5
    172  fffa					      org	$fffa	;		set origin to last 6 bytes of 4k rom
    173  fffa
    174  fffa				   interruptVectors
    175  fffa		       00 f0		      .word.w	reset	;		nmi
    176  fffc		       00 f0		      .word.w	reset	;		reset
    177  fffe		       00 f0		      .word.w	reset	;		irq
